// Jest Snapshot v1, https://goo.gl/fbAQLP

exports[`Test component <GifExpertApp /> should match snapshot 1`] = `
<div>
  <h1>
    GifExpertApp
  </h1>
  <form
    aria-label="form"
  >
    <input
      placeholder="Search gifs"
      type="text"
      value=""
    />
  </form>
</div>
`;
